     1                                  global _start
     2                                  
     3                                  section .data
     4 00000000 48656C6C6F2C20776F-         msg db 'Hello, world', 0xa   ; сообщение с переводом строки
     4 00000009 726C640A           
     5                                      len equ $ - msg              ; длина сообщения
     6 0000000D 7461736B322E747874-         filename db 'task2.txt', 0    ; имя файла с нулевым байтом
     6 00000016 00                 
     7                                      lenfilename equ $ - filename ; длина имени файла
     8 00000017 0000000000000000            fd dq 0                      ; переменная для хранения дескриптора файла
     9                                  
    10                                  section .text
    11                                  _start:
    12 00000000 48BF-                       mov rdi, filename
    12 00000002 [0D00000000000000] 
    13 0000000A BE42000000                  mov rsi, 0102o     ; флаги: O_CREAT и O_RDWR (создать файл если не существует, открыть для чтения и записи)
    14 0000000F BAB6010000                  mov rdx, 0666o     ; права доступа: rw-rw-rw- (чтение и запись для всех)
    15 00000014 B802000000                  mov rax, 2         ; номер системного вызова open
    16 00000019 0F05                        syscall
    17                                  
    18 0000001B 48890425[17000000]          mov [fd], rax      ; сохраняем дескриптор файла
    19 00000023 BA0D000000                  mov rdx, len       ; длина сообщения
    20 00000028 48BE-                       mov rsi, msg       ; сообщение для записи
    20 0000002A [0000000000000000] 
    21 00000032 488B3C25[17000000]          mov rdi, [fd]      ; дескриптор файла
    22 0000003A B801000000                  mov rax, 1         ; номер системного вызова write
    23 0000003F 0F05                        syscall
    24                                  
    25 00000041 488B3C25[17000000]          mov rdi, [fd]      ; дескриптор файла для закрытия
    26 00000049 B803000000                  mov rax, 3         ; номер системного вызова close
    27 0000004E 0F05                        syscall
    28                                  
    29 00000050 B83C000000                  mov rax, 60        ; номер системного вызова exit
    30 00000055 0F05                        syscall
